// Vitest Snapshot v1

exports[`circular dependency 1`] = `
[
  "C:/Users/lucas/Github/file-dep-hash/test/___mocks___/public/src/circular/dep1.ts",
  "C:/Users/lucas/Github/file-dep-hash/test/___mocks___/public/src/circular/dep2.ts",
]
`;

exports[`simple case 1`] = `
[
  "C:/Users/lucas/Github/file-dep-hash/test/___mocks___/public/src/base/dep1.ts",
  "C:/Users/lucas/Github/file-dep-hash/test/___mocks___/public/src/base/dep2.ts",
]
`;
